Error! Expected length of COND list is 2!    Actual: 3