Error! None of the conditions in the COND function evaluated to true.