Error! Expected length of TIMES list is 3!    Actual: 4
