Error! Parameter at position: 2 of function TIMES is not numeric!    Actual: T
