Error! Parameter at position: 1 of function LESS is not numeric!    Actual: NIL
