Error! Expected length of LESS list is 3!    Actual: 5
