Error! Expected length of CDR list is 2!    Actual: 1