Error! Parameter of CDR is not a list.    Actual: T
