Error! Expected length of GREATER list is 3!    Actual: 5
