Error! Parameter at position: 1 of function GREATER is not numeric!    Actual: NIL
