Expected either an ATOM or OPEN token.
Actual: CLOSE_TOKEN    Value: )