(DEFUN . (F34 . ((ER . NIL) . ((N . (34 . ((ER . (23424 . NIL)) . NIL))) . NIL))))