(LET . (((X . (1 . NIL)) . ((Y . ((JIM . (X . (2 . NIL))) . NIL)) . NIL)) . ((ERIC . (X . (Y . NIL))) . NIL)))