(DEFUN . (TRIPLE . ((X . NIL) . ((3 . (X . (Y . NIL))) . NIL))))