Error! Parameter at position: 2 of function PLUS is not numeric!    Actual: (34 . 20)
