Error! Expected length of NULL list is 2!    Actual: 4