Error! Expected length of INT list is 2!    Actual: 1