Error! Expected length of MINUS list is 3!    Actual: 4
