Error! Parameter at position: 1 of function MINUS is not numeric!    Actual: (34 . 20)
