Error! Expected length of CAR list is 2!    Actual: 1