Error! Parameter of CAR is not a list.    Actual: 23
