Error! Expected length of ' list is 2!    Actual: 3
