Error! Expected length of QUOTE list is 2!    Actual: 1