LITERAL ATOMS: 0
NUMERIC ATOMS: 0,0
OPEN PARENTHESES: 10
CLOSING PARENTHESES: 0