LITERAL ATOMS: 0
NUMERIC ATOMS: 0,0
OPEN PARENTHESES: 0
CLOSING PARENTHESES: 11