LITERAL ATOMS: 5, DEFUN, TRIPLE, X, X, Y
NUMERIC ATOMS: 1,3
OPEN PARENTHESES: 3
CLOSING PARENTHESES: 3