LITERAL ATOMS: 2, TESTINPUT, WE
NUMERIC ATOMS: 3,102
OPEN PARENTHESES: 0
CLOSING PARENTHESES: 0