LITERAL ATOMS: 0
NUMERIC ATOMS: 0,0
OPEN PARENTHESES: 1
CLOSING PARENTHESES: 1