LITERAL ATOMS: 5, DEFUN, F34, ER, N, ER
NUMERIC ATOMS: 2,23458
OPEN PARENTHESES: 4
CLOSING PARENTHESES: 4