LITERAL ATOMS: 8, LET, X, Y, JIM, X, ERIC, X, Y
NUMERIC ATOMS: 2,3
OPEN PARENTHESES: 6
CLOSING PARENTHESES: 6