((3 . 34))
((45 . 56))
((45 23 44 45) (89) (34 56 34) (34 . 34) (67 . 12))