Error! Expected length of DEFUN list is 4!    Actual: 3