Error! Expected length of DIFF list is 3!    Actual: 2