Error! Parameter at position: 1 of function TIMES is not numeric!    Actual: E