NIL
(1)
(1 2)
(1 2 3)
(4 5 6)
(56 34 459 3934 454854 9239 34934 845498 3434 1 3 4 45 23 9595 67 69 0 343)