Error! Expected length of EQ list is 3!    Actual: 1