Error! Expected length of ATOM list is 2!    Actual: 3