Error! Expected length of CONS list is 3!    Actual: 1